
 Ep |   TrLoss |    VLoss |   VAcc |   VQWK |    VF1 |         LR | Status
------------------------------------------------------------------------------
  1 | 1.378736 | 0.911517 | 66.16% | 0.7897 | 0.4510 | 1.00e-04 | [BEST] (184s)
  2 | 1.060880 | 0.689005 | 75.10% | 0.8492 | 0.5806 | 9.89e-05 | [BEST] (186s)
  3 | 0.908609 | 0.604544 | 78.33% | 0.8805 | 0.6389 | 9.57e-05 | [BEST] (180s)
  4 | 0.812448 | 0.572151 | 78.52% | 0.8780 | 0.6319 | 9.05e-05 | (186s)
  5 | 0.778890 | 0.577072 | 78.14% | 0.8473 | 0.6172 | 8.36e-05 | (187s)
  6 | 0.717799 | 0.509282 | 82.70% | 0.8978 | 0.6877 | 7.52e-05 | [BEST] (184s)
  7 | 0.669580 | 0.522762 | 81.56% | 0.8821 | 0.6822 | 6.58e-05 | (185s)
  8 | 0.628502 | 0.537527 | 80.23% | 0.8677 | 0.6618 | 5.57e-05 | (184s)
  9 | 0.607961 | 0.516235 | 81.37% | 0.9028 | 0.6929 | 4.53e-05 | [BEST] (185s)
 10 | 0.561613 | 0.522342 | 81.75% | 0.8932 | 0.6900 | 3.52e-05 | (180s)
 11 | 0.545480 | 0.520961 | 82.32% | 0.8930 | 0.6947 | 2.58e-05 | (182s)
 12 | 0.536315 | 0.506875 | 82.51% | 0.9079 | 0.6979 | 1.74e-05 | [BEST] (183s)
 13 | 0.508835 | 0.507089 | 82.51% | 0.9087 | 0.7007 | 1.05e-05 | [BEST] (185s)
 14 | 0.505901 | 0.502294 | 83.46% | 0.9130 | 0.7111 | 5.28e-06 | [BEST] (185s)
 15 | 0.493524 | 0.514215 | 82.51% | 0.9066 | 0.7009 | 2.08e-06 | (186s)

Done in 2762s. Best: epoch 14, QWK=0.9130
Checkpoint: output/efficientnet_b0_dr.pth (15.60 MB)
SHA-256: 67d0b89641f08057126dd411e380b25575ef29f71ae37ee5796d472d9203dbf7