BUILD VERIFICATION - run from a clean extraction of the archive
date (UTC): 2026-10-04T03:08:48Z
archive sha256 of this tree's build: 3454a47a04375923d0f85619aacfe9743f55d9d0cd04e779ad4a7aaf5a5a3dce
node v24.9.0   npm 11.6.0   Docker Compose version v2.40.2-desktop.1
extraction path: C:/tmp/r11_build/DR-CDSS_Chapter4_Evidence  (Windows: keep the extraction path short; nested node_modules binaries break past the 260-character limit)

$ cd frontend && npm ci
npm warn deprecated uuid@7.0.3: uuid@10 and below is no longer supported.  For ESM codebases, update to uuid@latest.  For CommonJS codebases, use uuid@11 (but be aware this version will likely be deprecated in 2028).

added 347 packages in 24s
exit: 0

$ npm run build
transforming...
✓ 1560 modules transformed.
rendering chunks...
computing gzip size...
dist/index.html                   0.53 kB │ gzip:   0.34 kB
dist/assets/index-RW54atFI.css   38.41 kB │ gzip:   7.06 kB
dist/assets/index-DvuyptdA.js   348.67 kB │ gzip: 102.77 kB
✓ built in 21.07s
dist/index.html produced: yes

$ docker compose config --quiet
compose file valid

$ docker compose -p drcdss_evidence up --build -d   (full output: see note at end)
exit: 0
 drcdss_evidence-backend  Built
 drcdss_evidence-frontend  Built
 Network drcdss_evidence_dr_network  Created
 Volume drcdss_evidence_postgres_data  Created
 Container dr_cdss_db  Created
 Container dr_cdss_backend  Created
 Container dr_cdss_frontend  Created
 Container dr_cdss_db  Started
 Container dr_cdss_db  Healthy
 Container dr_cdss_backend  Started
 Container dr_cdss_frontend  Started

$ docker compose -p drcdss_evidence ps
NAME               IMAGE                      COMMAND                  SERVICE    CREATED          STATUS                   PORTS
dr_cdss_backend    drcdss_evidence-backend    "uvicorn main:app --…"   backend    18 seconds ago   Up 1 second              0.0.0.0:8000->8000/tcp, [::]:8000->8000/tcp
dr_cdss_db         postgres:16-alpine         "docker-entrypoint.s…"   db         19 seconds ago   Up 7 seconds (healthy)   0.0.0.0:5432->5432/tcp, [::]:5432->5432/tcp
dr_cdss_frontend   drcdss_evidence-frontend   "docker-entrypoint.s…"   frontend   17 seconds ago   Up 1 second              0.0.0.0:3000->3000/tcp, [::]:3000->3000/tcp, 0.0.0.0:5173->5173/tcp, [::]:5173->5173/tcp

$ curl http://127.0.0.1:8000/api/v1/health   (polled until inference_ready)
{
  "status": "healthy",
  "app_name": "Diabetic Retinopathy CDSS",
  "environment": "development",
  "timestamp": "2026-10-04T03:15:05.817357+00:00",
  "storage_accessible": true,
  "inference_ready": true,
  "inference_engine": "pytorch",
  "inference_detail": "EfficientNet-B0 checkpoint loaded from /app/models/weights/efficientnet_b0_dr.pth",
  "version": "1.0.0"
}

$ curl -o /dev/null -w '%{http_code}' http://127.0.0.1:3000/
frontend HTTP 200

$ docker compose -p drcdss_evidence down -v --rmi local
 Network drcdss_evidence_dr_network  Removed
 Image drcdss_evidence-backend:latest  Removed
 Image drcdss_evidence-frontend:latest  Removed

Note: the image build output (pip install of the CPU torch wheel, npm ci inside the frontend image) is several hundred lines and is not reproduced; the exit code and the service states above are the record.
