
 Ep |   TrLoss |    VLoss |   VAcc |   VQWK |    VF1 |         LR | Status
------------------------------------------------------------------------------
  1 | 1.362504 | 0.947581 | 65.64% | 0.7712 | 0.4917 | 1.00e-04 | [BEST] (210s)
  2 | 1.034721 | 0.774030 | 70.55% | 0.8305 | 0.5411 | 9.89e-05 | [BEST] (209s)
  3 | 0.904448 | 0.638443 | 79.64% | 0.8673 | 0.6547 | 9.57e-05 | [BEST] (208s)
  4 | 0.785597 | 0.620398 | 78.91% | 0.8558 | 0.6371 | 9.05e-05 | (209s)
  5 | 0.767437 | 0.608991 | 79.82% | 0.8744 | 0.6311 | 8.36e-05 | [BEST] (210s)
  6 | 0.712628 | 0.629791 | 76.73% | 0.8519 | 0.6341 | 7.52e-05 | (211s)
  7 | 0.679063 | 0.571831 | 77.45% | 0.8637 | 0.6423 | 6.58e-05 | (210s)
  8 | 0.668761 | 0.567656 | 81.09% | 0.8796 | 0.6885 | 5.57e-05 | [BEST] (209s)
  9 | 0.623921 | 0.564016 | 80.18% | 0.8838 | 0.6637 | 4.53e-05 | [BEST] (207s)
 10 | 0.564530 | 0.573863 | 80.18% | 0.8828 | 0.6676 | 3.52e-05 | (209s)
 11 | 0.517256 | 0.560883 | 81.09% | 0.8937 | 0.6862 | 2.58e-05 | [BEST] (210s)
 12 | 0.535151 | 0.559696 | 80.73% | 0.8917 | 0.6813 | 1.74e-05 | (210s)
 13 | 0.542185 | 0.573130 | 80.73% | 0.8885 | 0.6697 | 1.05e-05 | (216s)
 14 | 0.528482 | 0.555868 | 80.55% | 0.8886 | 0.6771 | 5.28e-06 | (210s)
 15 | 0.496885 | 0.557285 | 80.36% | 0.8869 | 0.6785 | 2.08e-06 | (210s)

Done in 3147s. Best: epoch 11, QWK=0.8937
Checkpoint: output/efficientnet_b0_dr.pth (15.60 MB)
SHA-256: 8ee14d7591a8e6a1b86c15416a77375a198bd49399b3977a3de79a00e3dd14fa